// Jest Snapshot v1, https://goo.gl/fbAQLP

exports[`renders correctly 1`] = `
<View
  style={
    Object {
      "alignItems": "center",
      "backgroundColor": "white",
      "flex": 1,
      "flexDirection": "column",
      "justifyContent": "center",
    }
  }
>
  <View
    style={
      Object {
        "marginBottom": 20,
        "marginTop": 60,
      }
    }
  >
    <Text
      accessible={true}
      allowFontScaling={true}
      ellipsizeMode="tail"
      style={
        Object {
          "color": "#000000",
          "fontSize": 35,
        }
      }
    >
      
    </Text>
    <Text
      accessible={true}
      allowFontScaling={true}
      ellipsizeMode="tail"
      style={
        Object {
          "fontSize": 20,
          "marginTop": 20,
        }
      }
    >
      
    </Text>
  </View>
  <View
    style={
      Object {
        "alignItems": "stretch",
        "backgroundColor": "white",
        "flex": 1,
        "flexDirection": "column",
        "justifyContent": "flex-start",
        "minWidth": 300,
        "padding": 20,
      }
    }
  >
    <View
      style={
        Object {
          "alignItems": "center",
          "backgroundColor": "transparent",
          "flex": 1,
          "flexDirection": "row",
          "justifyContent": "space-between",
          "maxHeight": 100,
        }
      }
    >
      <Text
        accessible={true}
        allowFontScaling={true}
        ellipsizeMode="tail"
        style={
          Object {
            "color": "#000000",
            "fontFamily": "sans-serif",
            "fontSize": 20,
          }
        }
      >
        Sale price
      </Text>
      <View
        style={
          Object {
            "alignItems": "center",
            "backgroundColor": "white",
            "borderBottomWidth": 1.5,
            "borderColor": "rgb(211,211,211)",
            "borderRadius": 5,
            "flex": 1,
            "flexDirection": "row",
            "justifyContent": "flex-end",
            "maxWidth": 120,
            "padding": 5,
          }
        }
      >
        <Text
          accessible={true}
          allowFontScaling={true}
          ellipsizeMode="tail"
          style={
            Object {
              "color": "#bbbbbb",
              "fontFamily": "sans-serif",
              "fontSize": 20,
            }
          }
        >
          $
        </Text>
        <TextInput
          allowFontScaling={true}
          keyboardType="phone-pad"
          multiline={false}
          onChangeText={[Function]}
          placeholder="0"
          placeholderTextColor="#bbbbbb"
          selectTextOnFocus={true}
          style={
            Object {
              "color": "#000000",
              "fontSize": 20,
              "margin": 5,
            }
          }
          underlineColorAndroid="transparent"
        />
      </View>
    </View>
    <View
      style={
        Object {
          "alignItems": "center",
          "backgroundColor": "transparent",
          "flex": 1,
          "flexDirection": "row",
          "justifyContent": "space-between",
          "maxHeight": 100,
        }
      }
    >
      <Text
        accessible={true}
        allowFontScaling={true}
        ellipsizeMode="tail"
        style={
          Object {
            "color": "#000000",
            "fontFamily": "sans-serif",
            "fontSize": 20,
          }
        }
      >
        Agent fee
      </Text>
      <View
        style={
          Object {
            "alignItems": "center",
            "backgroundColor": "white",
            "borderBottomWidth": 1.5,
            "borderColor": "rgb(211,211,211)",
            "borderRadius": 5,
            "flex": 1,
            "flexDirection": "row",
            "justifyContent": "flex-end",
            "maxWidth": 120,
            "padding": 5,
          }
        }
      >
        <TextInput
          allowFontScaling={true}
          keyboardType="phone-pad"
          multiline={false}
          onChangeText={[Function]}
          placeholder="0"
          placeholderTextColor="#bbbbbb"
          selectTextOnFocus={true}
          style={
            Object {
              "color": "#000000",
              "fontSize": 20,
              "margin": 5,
            }
          }
          underlineColorAndroid="transparent"
        />
        <Text
          accessible={true}
          allowFontScaling={true}
          ellipsizeMode="tail"
          style={
            Object {
              "color": "#bbbbbb",
              "fontFamily": "sans-serif",
              "fontSize": 20,
            }
          }
        >
          %
        </Text>
      </View>
    </View>
    <View
      style={
        Object {
          "alignItems": "center",
          "flex": 0,
          "flexDirection": "row",
          "justifyContent": "space-evenly",
          "marginTop": 50,
        }
      }
    >
      <Text
        accessible={true}
        allowFontScaling={true}
        ellipsizeMode="tail"
        style={
          Object {
            "fontSize": 15,
          }
        }
      >
        Agent fee includes GST
      </Text>
      <RCTSwitch
        disabled={false}
        onChange={[Function]}
        onResponderTerminationRequest={[Function]}
        onStartShouldSetResponder={[Function]}
        onValueChange={[Function]}
        style={
          Array [
            Object {
              "height": 31,
              "width": 51,
            },
            undefined,
          ]
        }
        value={false}
      />
    </View>
  </View>
</View>
`;
